$ git branch
  main
* sureshbranch
  testbranch

DELL@DESKTOP-CFU4ES0 MINGW64 /c/git/main/project/project (sureshbranch)
$ git push origin sureshbranch
Enumerating objects: 3, done.
Counting objects: 100% (3/3), done.
Delta compression using up to 4 threads
Compressing objects: 100% (2/2), done.
Writing objects: 100% (2/2), 250 bytes | 83.00 KiB/s, done.
Total 2 (delta 1), reused 0 (delta 0), pack-reused 0
remote: Resolving deltas: 100% (1/1), completed with 1 local object.
To https://github.com/sureshbs1313/project.git
   52b5a21..a92b027  sureshbranch -> sureshbranch

DELL@DESKTOP-CFU4ES0 MINGW64 /c/git/main/project/project (sureshbranch)
$ git branch
  main
* sureshbranch
  testbranch

DELL@DESKTOP-CFU4ES0 MINGW64 /c/git/main/project/project (sureshbranch)
$ git checkout testbranch
Switched to branch 'testbranch'
M       project
Your branch is behind 'origin/testbranch' by 2 commits, and can be fast-forwarded.
  (use "git pull" to update your local branch)

DELL@DESKTOP-CFU4ES0 MINGW64 /c/git/main/project/project (testbranch)
$ git push origin testbranch
To https://github.com/sureshbs1313/project.git
 ! [rejected]        testbranch -> testbranch (non-fast-forward)
error: failed to push some refs to 'https://github.com/sureshbs1313/project.git'
hint: Updates were rejected because the tip of your current branch is behind
hint: its remote counterpart. Integrate the remote changes (e.g.
hint: 'git pull ...') before pushing again.
hint: See the 'Note about fast-forwards' in 'git push --help' for details.

DELL@DESKTOP-CFU4ES0 MINGW64 /c/git/main/project/project (testbranch)
$ git add .

DELL@DESKTOP-CFU4ES0 MINGW64 /c/git/main/project/project (testbranch)
$ git status
On branch testbranch
Your branch is behind 'origin/testbranch' by 2 commits, and can be fast-forwarded.
  (use "git pull" to update your local branch)

Changes to be committed:
  (use "git restore --staged <file>..." to unstage)
        modified:   project


DELL@DESKTOP-CFU4ES0 MINGW64 /c/git/main/project/project (testbranch)
$ git commit -m "commit for testbranch"
[testbranch 651d952] commit for testbranch
 1 file changed, 1 insertion(+), 1 deletion(-)

DELL@DESKTOP-CFU4ES0 MINGW64 /c/git/main/project/project (testbranch)
$ git push origin testbranch
To https://github.com/sureshbs1313/project.git
 ! [rejected]        testbranch -> testbranch (non-fast-forward)
error: failed to push some refs to 'https://github.com/sureshbs1313/project.git'
hint: Updates were rejected because the tip of your current branch is behind
hint: its remote counterpart. Integrate the remote changes (e.g.
hint: 'git pull ...') before pushing again.
hint: See the 'Note about fast-forwards' in 'git push --help' for details.

DELL@DESKTOP-CFU4ES0 MINGW64 /c/git/main/project/project (testbranch)
$ git pull
Merge made by the 'ort' strategy.
 file     | 18 ------------------
 file2222 |  4 ----
 2 files changed, 22 deletions(-)
 delete mode 100644 file
 delete mode 100644 file2222

DELL@DESKTOP-CFU4ES0 MINGW64 /c/git/main/project/project (testbranch)
$ git push origin testbranch
Enumerating objects: 6, done.
Counting objects: 100% (6/6), done.
Delta compression using up to 4 threads
Compressing objects: 100% (4/4), done.
Writing objects: 100% (4/4), 481 bytes | 481.00 KiB/s, done.
Total 4 (delta 2), reused 0 (delta 0), pack-reused 0
remote: Resolving deltas: 100% (2/2), completed with 1 local object.
To https://github.com/sureshbs1313/project.git
   a1b2b19..a88b5ad  testbranch -> testbranch

DELL@DESKTOP-CFU4ES0 MINGW64 /c/git/main/project/project (testbranch)
$
